============================================================================================== 
Warning! Mixing Conda and module environments may lead to corruption of the
user environment. 
We do not recommend users mixing those two environments unless absolutely
necessary. Note that 
SURF does not provide any support for Conda environment.
For more information, please refer to our software policy page:
https://servicedesk.surf.nl/wiki/display/WIKI/Software+policy+Snellius#SoftwarepolicySnellius-UseofAnacondaandMinicondaenvironmentsonSnellius 

Remember that many packages have already been installed on the system and can
be loaded using 
the 'module load <package__name>' command. If you are uncertain if a package is
already available 
on the system, please use 'module avail' or 'module spider' to search for it.
============================================================================================== 
/home/eterres/.conda/envs/fact_env/bin/python: can't open file '/gpfs/home6/eterres/Discover-then-Name/get_closest_concepts_wordnet.py': [Errno 2] No such file or directory
srun: error: gcn36: task 0: Exited with exit code 2
srun: Terminating StepId=9594341.0

JOB STATISTICS
==============
Job ID: 9594341
Cluster: snellius
User/Group: eterres/eterres
State: FAILED (exit code 2)
Nodes: 1
Cores per node: 18
CPU Utilized: 00:00:01
CPU Efficiency: 0.46% of 00:03:36 core-walltime
Job Wall-clock time: 00:00:12
Memory Utilized: 2.28 MB
Memory Efficiency: 0.00% of 120.00 GB
